../Core/Src/main.c:86:5:main	8	static
../Core/Src/main.c:143:6:SystemClock_Config	88	static
../Core/Src/main.c:185:6:setInitialClockState	16	static
../Core/Src/main.c:193:6:runClock	16	static
../Core/Src/main.c:215:6:readEncoderBit	32	static
../Core/Src/main.c:221:6:println	24	static
../Core/Src/main.c:227:6:nop	24	static,ignoring_inline_asm
../Core/Src/main.c:233:6:getSample	4	static
../Core/Src/main.c:238:6:getTemperature	24	static
../Core/Src/main.c:254:6:Error_Handler	4	static,ignoring_inline_asm
