../Core/Src/main.c:86:5:main	8	static
../Core/Src/main.c:144:6:SystemClock_Config	88	static
../Core/Src/main.c:186:6:setInitialClockState	16	static
../Core/Src/main.c:194:6:runClock	16	static
../Core/Src/main.c:216:6:readEncoderBit	32	static
../Core/Src/main.c:222:6:println	24	static
../Core/Src/main.c:228:6:nop	24	static,ignoring_inline_asm
../Core/Src/main.c:234:6:getSample	4	static
../Core/Src/main.c:239:6:getTemperature	24	static
../Core/Src/main.c:255:6:Error_Handler	4	static,ignoring_inline_asm
